
           ___      .______        ______  __    __  .______      
          /   \     |   _  \      /      ||  |  |  | |   _  \     
         /  ^  \    |  |_)  |    |  ,----'|  |__|  | |  |_)  |    
        /  /_\  \   |      /     |  |     |   __   | |      /     
       /  _____  \  |  |\  \\___ |  `----.|  |  |  | |  |\  \\___.
      /__/     \__\ | _| `._____| \______||__|  |__| | _| `._____|
    
Logging With ArchR!

Start Time : 2023-10-10 13:11:06.625498

------- ArchR Info

ArchRThreads = 30
ArchRGenome = Hg38

------- System Info

Computer OS = unix
Total Cores = 32

------- Session Info

R version 4.3.1 (2023-06-16)
Platform: x86_64-conda-linux-gnu (64-bit)
Running under: Debian GNU/Linux 11 (bullseye)

Matrix products: default
BLAS/LAPACK: /icbb/projects/share/software/packages/miniconda3/envs/igunduz/lib/libopenblasp-r0.3.21.so;  LAPACK version 3.9.0

Random number generation:
 RNG:     L'Ecuyer-CMRG 
 Normal:  Inversion 
 Sample:  Rejection 
 
locale:
 [1] LC_CTYPE=en_US.UTF-8       LC_NUMERIC=C              
 [3] LC_TIME=en_US.UTF-8        LC_COLLATE=en_US.UTF-8    
 [5] LC_MONETARY=en_US.UTF-8    LC_MESSAGES=en_US.UTF-8   
 [7] LC_PAPER=en_US.UTF-8       LC_NAME=C                 
 [9] LC_ADDRESS=C               LC_TELEPHONE=C            
[11] LC_MEASUREMENT=en_US.UTF-8 LC_IDENTIFICATION=C       

time zone: Europe/Berlin
tzcode source: system (glibc)

attached base packages:
 [1] parallel  stats4    grid      stats     graphics  grDevices utils    
 [8] datasets  methods   base     

other attached packages:
 [1] harmony_0.1.1               uwot_0.1.16                
 [3] nabor_0.5.0                 pheatmap_1.0.12            
 [5] tidyr_1.3.0                 SeuratObject_4.1.3         
 [7] Seurat_4.3.0.1              dplyr_1.1.3                
 [9] rhdf5_2.44.0                SummarizedExperiment_1.30.2
[11] Biobase_2.60.0              MatrixGenerics_1.12.3      
[13] Rcpp_1.0.11                 Matrix_1.6-1               
[15] GenomicRanges_1.52.0        GenomeInfoDb_1.36.1        
[17] IRanges_2.34.1              S4Vectors_0.38.1           
[19] BiocGenerics_0.46.0         matrixStats_1.0.0          
[21] data.table_1.14.8           stringr_1.5.0              
[23] plyr_1.8.8                  magrittr_2.0.3             
[25] ggplot2_3.4.3               gtable_0.3.3               
[27] gtools_3.9.4                gridExtra_2.3              
[29] ArchR_1.0.2                

loaded via a namespace (and not attached):
  [1] RColorBrewer_1.1-3                jsonlite_1.8.7                   
  [3] spatstat.utils_3.0-3              farver_2.1.1                     
  [5] BiocIO_1.10.0                     zlibbioc_1.46.0                  
  [7] vctrs_0.6.3                       ROCR_1.0-11                      
  [9] Rsamtools_2.16.0                  Cairo_1.6-1                      
 [11] spatstat.explore_3.2-1            RCurl_1.98-1.12                  
 [13] htmltools_0.5.6                   S4Arrays_1.0.6                   
 [15] Rhdf5lib_1.22.0                   sctransform_0.3.5                
 [17] parallelly_1.36.0                 KernSmooth_2.23-22               
 [19] htmlwidgets_1.6.2                 ica_1.0-3                        
 [21] plotly_4.10.2                     zoo_1.8-12                       
 [23] GenomicAlignments_1.36.0          igraph_1.5.1                     
 [25] mime_0.12                         lifecycle_1.0.3                  
 [27] pkgconfig_2.0.3                   R6_2.5.1                         
 [29] fastmap_1.1.1                     GenomeInfoDbData_1.2.10          
 [31] fitdistrplus_1.1-11               future_1.33.0                    
 [33] shiny_1.7.5                       digest_0.6.33                    
 [35] colorspace_2.1-0                  patchwork_1.1.2                  
 [37] tensor_1.5                        irlba_2.3.5.1                    
 [39] labeling_0.4.2                    progressr_0.14.0                 
 [41] fansi_1.0.4                       spatstat.sparse_3.0-2            
 [43] httr_1.4.6                        polyclip_1.10-4                  
 [45] abind_1.4-5                       compiler_4.3.1                   
 [47] withr_2.5.0                       BiocParallel_1.34.2              
 [49] MASS_7.3-60                       DelayedArray_0.26.7              
 [51] rjson_0.2.21                      tools_4.3.1                      
 [53] lmtest_0.9-40                     httpuv_1.6.11                    
 [55] future.apply_1.11.0               goftest_1.2-3                    
 [57] glue_1.6.2                        restfulr_0.0.15                  
 [59] nlme_3.1-163                      rhdf5filters_1.12.1              
 [61] promises_1.2.0.1                  Rtsne_0.16                       
 [63] cluster_2.1.4                     reshape2_1.4.4                   
 [65] generics_0.1.3                    BSgenome_1.68.0                  
 [67] spatstat.data_3.0-1               sp_2.0-0                         
 [69] utf8_1.2.3                        XVector_0.40.0                   
 [71] spatstat.geom_3.2-4               RcppAnnoy_0.0.21                 
 [73] ggrepel_0.9.3                     RANN_2.6.1                       
 [75] pillar_1.9.0                      later_1.3.1                      
 [77] splines_4.3.1                     lattice_0.21-8                   
 [79] rtracklayer_1.60.1                survival_3.5-7                   
 [81] deldir_1.0-9                      BSgenome.Hsapiens.UCSC.hg38_1.4.5
 [83] tidyselect_1.2.0                  Biostrings_2.68.1                
 [85] miniUI_0.1.1.1                    pbapply_1.7-2                    
 [87] scattermore_1.2                   stringi_1.7.12                   
 [89] yaml_2.3.7                        lazyeval_0.2.2                   
 [91] codetools_0.2-19                  tibble_3.2.1                     
 [93] cli_3.6.1                         xtable_1.8-4                     
 [95] reticulate_1.31                   munsell_0.5.0                    
 [97] globals_0.16.2                    spatstat.random_3.1-5            
 [99] png_0.1-8                         XML_3.99-0.14                    
[101] ellipsis_0.3.2                    bitops_1.0-7                     
[103] listenv_0.9.0                     viridisLite_0.4.2                
[105] scales_1.2.1                      ggridges_0.5.4                   
[107] leiden_0.4.3                      purrr_1.0.2                      
[109] crayon_1.5.2                      rlang_1.1.1                      
[111] cowplot_1.1.1                    


------- Log Info

2023-10-10 13:11:06.72837 : Running Seurat's Integration Stuart* et al 2019, 0.002 mins elapsed.

2023-10-10 13:11:06.735431 : Input-Parameters, Class = list

Input-Parameters$: length = 1
                       
1 function (name)      
2 .Internal(args(name))


Input-Parameters$ArchRProj: length = 1

Input-Parameters$useMatrix: length = 1
[1] "GeneScoreMatrix"


Input-Parameters$matrixName: length = 1
[1] "tcellGeneIntegrationMatrix"


Input-Parameters$reducedDims: length = 1
[1] "IterativeLSI_tcellsub"


Input-Parameters$seRNA: length = 1
                     orig.ident nCount_RNA nFeature_RNA     UMAP1      UMAP2
SU001_Tcell_Post_133      SU001       5754         3127 -5.069238  2.9015231
SU001_Tcell_Post_134      SU001      10890         5899 -6.911177 -0.6414506
SU001_Tcell_Post_138      SU001      17591         9416 -8.342639 -4.6825657
SU001_Tcell_Post_139      SU001      13598         7320 -4.587214  3.4566221
SU001_Tcell_Post_140      SU001      36370        17581 -7.780084 -3.5920784
SU001_Tcell_Post_141      SU001      46968        21881 -4.610744  2.8284376
SU001_Tcell_Post_142      SU001      11138         6252 -5.157235  2.6178262
SU001_Tcell_Post_143      SU001      14752         7918 -8.459612 -3.2879961
SU001_Tcell_Post_144      SU001       4200         2585 -5.073184 -8.2662420
SU001_Tcell_Post_145      SU001      18857         9478 -5.750084 -7.7444320
                     Clusters            Group depth      FRIP
SU001_Tcell_Post_133 Cluster7 SU001_Tcell_Post  5269 0.5469729
SU001_Tcell_Post_134 Cluster8 SU001_Tcell_Post  7922 0.6881469
SU001_Tcell_Post_138 Cluster8 SU001_Tcell_Post 12625 0.6975842
SU001_Tcell_Post_139 Cluster7 SU001_Tcell_Post  9814 0.6934991
SU001_Tcell_Post_140 Cluster8 SU001_Tcell_Post 27605 0.6600616
SU001_Tcell_Post_141 Cluster7 SU001_Tcell_Post 35940 0.6542988
SU001_Tcell_Post_142 Cluster7 SU001_Tcell_Post  8461 0.6593783
SU001_Tcell_Post_143 Cluster8 SU001_Tcell_Post 10395 0.7110630
SU001_Tcell_Post_144 Cluster3 SU001_Tcell_Post  3147 0.6696854
SU001_Tcell_Post_145 Cluster3 SU001_Tcell_Post 12995 0.7270104
                               Barcodes        Internal_Name
SU001_Tcell_Post_133 TATTGCTTCGGATCGC-1 SU001_Tcell_Post_133
SU001_Tcell_Post_134 TGCACCTTCTGGCGCA-1 SU001_Tcell_Post_134
SU001_Tcell_Post_138 ACAGCGCTCTATACCT-1 SU001_Tcell_Post_138
SU001_Tcell_Post_139 GTGATCATCGCTCTAC-1 SU001_Tcell_Post_139
SU001_Tcell_Post_140 GGTACCGGTACAAATG-1 SU001_Tcell_Post_140
SU001_Tcell_Post_141 GGCACGTTCGGGAAAC-1 SU001_Tcell_Post_141
SU001_Tcell_Post_142 AGCCCGAAGCAATGTA-1 SU001_Tcell_Post_142
SU001_Tcell_Post_143 GAATCTGAGCGTTAGG-1 SU001_Tcell_Post_143
SU001_Tcell_Post_144 AACGGGACACAGCCAC-1 SU001_Tcell_Post_144
SU001_Tcell_Post_145 GCTCACTCAATGCACT-1 SU001_Tcell_Post_145
                                           Group_Barcode   T_Cell_Cluster
SU001_Tcell_Post_133 SU001_Tcell_Post#TATTGCTTCGGATCGC-1         CD8T_mem
SU001_Tcell_Post_134 SU001_Tcell_Post#TGCACCTTCTGGCGCA-1 Intermediate_TEx
SU001_Tcell_Post_138 SU001_Tcell_Post#ACAGCGCTCTATACCT-1      Terminal_TE
SU001_Tcell_Post_139 SU001_Tcell_Post#GTGATCATCGCTCTAC-1         CD8T_mem
SU001_Tcell_Post_140 SU001_Tcell_Post#GGTACCGGTACAAATG-1      Terminal_TE
SU001_Tcell_Post_141 SU001_Tcell_Post#GGCACGTTCGGGAAAC-1         CD8T_mem
SU001_Tcell_Post_142 SU001_Tcell_Post#AGCCCGAAGCAATGTA-1         CD8T_mem
SU001_Tcell_Post_143 SU001_Tcell_Post#GAATCTGAGCGTTAGG-1      Terminal_TE
SU001_Tcell_Post_144 SU001_Tcell_Post#AACGGGACACAGCCAC-1             Tfh2
SU001_Tcell_Post_145 SU001_Tcell_Post#GCTCACTCAATGCACT-1             Tfh2


Input-Parameters$groupATAC: length = 0
NULL


Input-Parameters$groupRNA: length = 1
[1] "T_Cell_Cluster"


Input-Parameters$groupList: length = 0
NULL


Input-Parameters$sampleCellsATAC: length = 1
[1] 10000


Input-Parameters$sampleCellsRNA: length = 1
[1] 10000


Input-Parameters$embeddingATAC: length = 0
NULL


Input-Parameters$embeddingRNA: length = 0
NULL


Input-Parameters$dimsToUse: length = 30
[1] 1 2 3 4 5 6


Input-Parameters$scaleDims: length = 0
NULL


Input-Parameters$corCutOff: length = 1
[1] 0.75


Input-Parameters$plotUMAP: length = 1
[1] TRUE


Input-Parameters$nGenes: length = 1
[1] 2000


Input-Parameters$useImputation: length = 1
[1] TRUE


Input-Parameters$reduction: length = 1
[1] "cca"


Input-Parameters$addToArrow: length = 1
[1] FALSE


Input-Parameters$scaleTo: length = 1
[1] 10000


Input-Parameters$genesUse: length = 0
NULL


Input-Parameters$nameCell: length = 1
[1] "predicted_tcell_sub_cluster"


Input-Parameters$nameGroup: length = 1
[1] "predictedGroup_sub_tcell"


Input-Parameters$nameScore: length = 1
[1] "predictedScore_sub_tcell"


Input-Parameters$threads: length = 1
[1] 30


Input-Parameters$verbose: length = 1
[1] TRUE


Input-Parameters$force: length = 1
[1] FALSE


Input-Parameters$logFile: length = 1
[1] "ArchRLogs/ArchR-addGeneIntegrationMatrix-bac8b41b2fc2b-Date-2023-10-10_Time-13-11-06.617785.log"


2023-10-10 13:11:06.922187 : Checking ATAC Input, 0.005 mins elapsed.
2023-10-10 13:11:17.002193 : Checking RNA Input, 0.173 mins elapsed.
2023-10-10 13:11:38.083952 : Found 20971 overlapping gene names from gene scores and rna matrix!, 0.524 mins elapsed.
2023-10-10 13:11:38.087924 : Creating Integration Blocks, 0.524 mins elapsed.
2023-10-10 13:11:40.790714 : Prepping Interation Data, 0.57 mins elapsed.
