
           ___      .______        ______  __    __  .______      
          /   \     |   _  \      /      ||  |  |  | |   _  \     
         /  ^  \    |  |_)  |    |  ,----'|  |__|  | |  |_)  |    
        /  /_\  \   |      /     |  |     |   __   | |      /     
       /  _____  \  |  |\  \\___ |  `----.|  |  |  | |  |\  \\___.
      /__/     \__\ | _| `._____| \______||__|  |__| | _| `._____|
    
Logging With ArchR!

Start Time : 2023-10-10 13:11:03.722632

------- ArchR Info

ArchRThreads = 30
ArchRGenome = Hg38

------- System Info

Computer OS = unix
Total Cores = 32

------- Session Info

R version 4.3.1 (2023-06-16)
Platform: x86_64-conda-linux-gnu (64-bit)
Running under: Debian GNU/Linux 11 (bullseye)

Matrix products: default
BLAS/LAPACK: /icbb/projects/share/software/packages/miniconda3/envs/igunduz/lib/libopenblasp-r0.3.21.so;  LAPACK version 3.9.0

Random number generation:
 RNG:     L'Ecuyer-CMRG 
 Normal:  Inversion 
 Sample:  Rejection 
 
locale:
 [1] LC_CTYPE=en_US.UTF-8       LC_NUMERIC=C              
 [3] LC_TIME=en_US.UTF-8        LC_COLLATE=en_US.UTF-8    
 [5] LC_MONETARY=en_US.UTF-8    LC_MESSAGES=en_US.UTF-8   
 [7] LC_PAPER=en_US.UTF-8       LC_NAME=C                 
 [9] LC_ADDRESS=C               LC_TELEPHONE=C            
[11] LC_MEASUREMENT=en_US.UTF-8 LC_IDENTIFICATION=C       

time zone: Europe/Berlin
tzcode source: system (glibc)

attached base packages:
 [1] parallel  stats4    grid      stats     graphics  grDevices utils    
 [8] datasets  methods   base     

other attached packages:
 [1] harmony_0.1.1               uwot_0.1.16                
 [3] nabor_0.5.0                 pheatmap_1.0.12            
 [5] tidyr_1.3.0                 SeuratObject_4.1.3         
 [7] Seurat_4.3.0.1              dplyr_1.1.3                
 [9] rhdf5_2.44.0                SummarizedExperiment_1.30.2
[11] Biobase_2.60.0              MatrixGenerics_1.12.3      
[13] Rcpp_1.0.11                 Matrix_1.6-1               
[15] GenomicRanges_1.52.0        GenomeInfoDb_1.36.1        
[17] IRanges_2.34.1              S4Vectors_0.38.1           
[19] BiocGenerics_0.46.0         matrixStats_1.0.0          
[21] data.table_1.14.8           stringr_1.5.0              
[23] plyr_1.8.8                  magrittr_2.0.3             
[25] ggplot2_3.4.3               gtable_0.3.3               
[27] gtools_3.9.4                gridExtra_2.3              
[29] ArchR_1.0.2                

loaded via a namespace (and not attached):
  [1] RColorBrewer_1.1-3                jsonlite_1.8.7                   
  [3] spatstat.utils_3.0-3              farver_2.1.1                     
  [5] BiocIO_1.10.0                     zlibbioc_1.46.0                  
  [7] vctrs_0.6.3                       ROCR_1.0-11                      
  [9] Rsamtools_2.16.0                  Cairo_1.6-1                      
 [11] spatstat.explore_3.2-1            RCurl_1.98-1.12                  
 [13] htmltools_0.5.6                   S4Arrays_1.0.6                   
 [15] Rhdf5lib_1.22.0                   sctransform_0.3.5                
 [17] parallelly_1.36.0                 KernSmooth_2.23-22               
 [19] htmlwidgets_1.6.2                 ica_1.0-3                        
 [21] plotly_4.10.2                     zoo_1.8-12                       
 [23] GenomicAlignments_1.36.0          igraph_1.5.1                     
 [25] mime_0.12                         lifecycle_1.0.3                  
 [27] pkgconfig_2.0.3                   R6_2.5.1                         
 [29] fastmap_1.1.1                     GenomeInfoDbData_1.2.10          
 [31] fitdistrplus_1.1-11               future_1.33.0                    
 [33] shiny_1.7.5                       digest_0.6.33                    
 [35] colorspace_2.1-0                  patchwork_1.1.2                  
 [37] tensor_1.5                        irlba_2.3.5.1                    
 [39] labeling_0.4.2                    progressr_0.14.0                 
 [41] fansi_1.0.4                       spatstat.sparse_3.0-2            
 [43] httr_1.4.6                        polyclip_1.10-4                  
 [45] abind_1.4-5                       compiler_4.3.1                   
 [47] withr_2.5.0                       BiocParallel_1.34.2              
 [49] MASS_7.3-60                       DelayedArray_0.26.7              
 [51] rjson_0.2.21                      tools_4.3.1                      
 [53] lmtest_0.9-40                     httpuv_1.6.11                    
 [55] future.apply_1.11.0               goftest_1.2-3                    
 [57] glue_1.6.2                        restfulr_0.0.15                  
 [59] nlme_3.1-163                      rhdf5filters_1.12.1              
 [61] promises_1.2.0.1                  Rtsne_0.16                       
 [63] cluster_2.1.4                     reshape2_1.4.4                   
 [65] generics_0.1.3                    BSgenome_1.68.0                  
 [67] spatstat.data_3.0-1               sp_2.0-0                         
 [69] utf8_1.2.3                        XVector_0.40.0                   
 [71] spatstat.geom_3.2-4               RcppAnnoy_0.0.21                 
 [73] ggrepel_0.9.3                     RANN_2.6.1                       
 [75] pillar_1.9.0                      later_1.3.1                      
 [77] splines_4.3.1                     lattice_0.21-8                   
 [79] rtracklayer_1.60.1                survival_3.5-7                   
 [81] deldir_1.0-9                      BSgenome.Hsapiens.UCSC.hg38_1.4.5
 [83] tidyselect_1.2.0                  Biostrings_2.68.1                
 [85] miniUI_0.1.1.1                    pbapply_1.7-2                    
 [87] scattermore_1.2                   stringi_1.7.12                   
 [89] yaml_2.3.7                        lazyeval_0.2.2                   
 [91] codetools_0.2-19                  tibble_3.2.1                     
 [93] cli_3.6.1                         xtable_1.8-4                     
 [95] reticulate_1.31                   munsell_0.5.0                    
 [97] globals_0.16.2                    spatstat.random_3.1-5            
 [99] png_0.1-8                         XML_3.99-0.14                    
[101] ellipsis_0.3.2                    bitops_1.0-7                     
[103] listenv_0.9.0                     viridisLite_0.4.2                
[105] scales_1.2.1                      ggridges_0.5.4                   
[107] leiden_0.4.3                      purrr_1.0.2                      
[109] crayon_1.5.2                      rlang_1.1.1                      
[111] cowplot_1.1.1                    


------- Log Info


2023-10-10 13:11:06.042326 : addClusters Input-Parameters, Class = list

addClusters Input-Parameters$: length = 1
                       
1 function (name)      
2 .Internal(args(name))


addClusters Input-Parameters$input: length = 1

addClusters Input-Parameters$reducedDims: length = 1
[1] "Harmony_Tsub"


addClusters Input-Parameters$name: length = 1
[1] "clustTsub"


addClusters Input-Parameters$sampleCells: length = 0
NULL


addClusters Input-Parameters$seed: length = 1
[1] 1


addClusters Input-Parameters$method: length = 1
[1] "Seurat"


addClusters Input-Parameters$dimsToUse: length = 0
NULL


addClusters Input-Parameters$scaleDims: length = 0
NULL


addClusters Input-Parameters$corCutOff: length = 1
[1] 0.75


addClusters Input-Parameters$knnAssign: length = 1
[1] 10


addClusters Input-Parameters$nOutlier: length = 1
[1] 5


addClusters Input-Parameters$maxClusters: length = 1
[1] 25


addClusters Input-Parameters$testBias: length = 1
[1] TRUE


addClusters Input-Parameters$filterBias: length = 1
[1] FALSE


addClusters Input-Parameters$biasClusters: length = 1
[1] 0.01


addClusters Input-Parameters$biasCol: length = 1
[1] "nFrags"


addClusters Input-Parameters$biasVals: length = 0
NULL


addClusters Input-Parameters$biasQuantiles: length = 2
[1] 0.05 0.95


addClusters Input-Parameters$biasEnrich: length = 1
[1] 10


addClusters Input-Parameters$biasProportion: length = 1
[1] 0.5


addClusters Input-Parameters$biasPval: length = 1
[1] 0.05


addClusters Input-Parameters$nPerm: length = 1
[1] 500


addClusters Input-Parameters$prefix: length = 1
[1] "C"


addClusters Input-Parameters$ArchRProj: length = 0
NULL


addClusters Input-Parameters$verbose: length = 1
[1] TRUE


addClusters Input-Parameters$tstart: length = 0
NULL


addClusters Input-Parameters$force: length = 1
[1] TRUE


addClusters Input-Parameters$logFile: length = 1
[1] "ArchRLogs/ArchR-addClusters-bac8b76b86274-Date-2023-10-10_Time-13-11-03.670454.log"


addClusters Input-Parameters$...: length = 1

